2025-04-24 07:26:50 | Serienummer: 155 | Status: correct - Alle stappen waren succesvol
2025-04-24 07:34:30 | Serienummer: 142 | Status: correct - Alle stappen waren succesvol
